
> monolith-frontend@0.1.0 dev
> next dev

▲ Next.js 16.3.0 (Turbopack)
- Local:         http://localhost:3000
- Network:       http://192.168.56.1:3000
- Environments: .env.local
✓ Ready in 705ms
✓ Running next.config.ts took 51ms

○ Compiling /checkout/[planId] ...
 GET /checkout/intermediate?addons=advanced_analytics%2Cai_tools%2Ccustom_domain&annual=true 200 in 5.6s (next.js: 5.1s, proxy.ts: 189ms, application-code: 323ms)
 GET /payment-success?session_id=mock_zl0l0iswe 200 in 1194ms (next.js: 925ms, proxy.ts: 10ms, application-code: 259ms)
 GET /onboarding/template-selection 200 in 513ms (next.js: 485ms, proxy.ts: 6ms, application-code: 21ms)
 GET /onboarding/customize?template=starter-essence 200 in 817ms (next.js: 791ms, proxy.ts: 5ms, application-code: 21ms)
 GET /templates/essence 200 in 1652ms (next.js: 1394ms, proxy.ts: 42ms, application-code: 216ms)
 GET /dashboard 200 in 2.1s (next.js: 1074ms, proxy.ts: 7ms, application-code: 1064ms)
 GET /dashboard/overview 200 in 3.6s (next.js: 2.8s, proxy.ts: 7ms, application-code: 791ms)
○ Compiling /store/[slug] ...
 GET /dashboard/orders 200 in 933ms (next.js: 780ms, proxy.ts: 8ms, application-code: 145ms)
 GET / 200 in 7.1s (next.js: 5.7s, proxy.ts: 4ms, application-code: 1409ms)
 GET /dashboard/products 200 in 746ms (next.js: 673ms, proxy.ts: 4ms, application-code: 69ms)
 GET /dashboard/products/new 200 in 600ms (next.js: 508ms, proxy.ts: 17ms, application-code: 75ms)
 GET /dashboard/products 200 in 34ms (next.js: 7ms, proxy.ts: 7ms, application-code: 20ms)
 GET / 200 in 1189ms (next.js: 16ms, proxy.ts: 5ms, application-code: 1169ms)
 GET /products/8c8dfa58-5798-4161-95fd-ada19e62741d 200 in 3.6s (next.js: 2.8s, proxy.ts: 8ms, application-code: 825ms)
 GET /cart 200 in 2.2s (next.js: 1660ms, proxy.ts: 5ms, application-code: 527ms)
 GET /checkout 200 in 2.0s (next.js: 1844ms, proxy.ts: 9ms, application-code: 151ms)
 GET /auth/login 200 in 1486ms (next.js: 1343ms, proxy.ts: 6ms, application-code: 137ms)
 GET /auth/login 200 in 134ms (next.js: 72ms, proxy.ts: 37ms, application-code: 25ms)
 GET /store/essence-62ba/auth/signup 200 in 1835ms (next.js: 1802ms, proxy.ts: 6ms, application-code: 27ms)
 GET /store/essence-62ba 200 in 292ms (next.js: 9ms, proxy.ts: 4ms, application-code: 279ms)
 GET /store/essence-62ba 200 in 463ms (next.js: 27ms, proxy.ts: 7ms, application-code: 428ms)
 GET /cart 200 in 449ms (next.js: 19ms, proxy.ts: 5ms, application-code: 426ms)
 GET /checkout 200 in 201ms (next.js: 18ms, proxy.ts: 32ms, application-code: 150ms)
 GET /auth/login 200 in 42ms (next.js: 18ms, proxy.ts: 4ms, application-code: 20ms)
 GET /auth/login 200 in 65ms (next.js: 7ms, proxy.ts: 5ms, application-code: 53ms)
 GET /dashboard/products 200 in 80ms (next.js: 10ms, proxy.ts: 7ms, application-code: 63ms)
 GET /auth/login 200 in 82ms (next.js: 45ms, proxy.ts: 7ms, application-code: 30ms)
 GET /dashboard/products 200 in 117ms (next.js: 13ms, proxy.ts: 6ms, application-code: 99ms)
 GET /auth/login 200 in 121ms (next.js: 44ms, proxy.ts: 6ms, application-code: 71ms)
 GET /dashboard/products 200 in 79ms (next.js: 8ms, proxy.ts: 6ms, application-code: 66ms)
 GET /auth/login 200 in 84ms (next.js: 44ms, proxy.ts: 7ms, application-code: 33ms)
 GET /dashboard/products 200 in 76ms (next.js: 9ms, proxy.ts: 6ms, application-code: 62ms)
 GET /auth/login 200 in 77ms (next.js: 44ms, proxy.ts: 6ms, application-code: 26ms)
✓ Compiled in 228ms
 GET /dashboard/products 200 in 94ms (next.js: 11ms, proxy.ts: 8ms, application-code: 75ms)
 GET /auth/login 200 in 94ms (next.js: 48ms, proxy.ts: 8ms, application-code: 37ms)
 GET /dashboard/products 200 in 119ms (next.js: 8ms, proxy.ts: 5ms, application-code: 106ms)
 GET /auth/login 200 in 120ms (next.js: 89ms, proxy.ts: 5ms, application-code: 26ms)
 GET /dashboard/products 200 in 68ms (next.js: 6ms, proxy.ts: 5ms, application-code: 57ms)
 GET /auth/login 200 in 71ms (next.js: 40ms, proxy.ts: 5ms, application-code: 26ms)
 GET /dashboard/products 200 in 110ms (next.js: 7ms, proxy.ts: 5ms, application-code: 98ms)
 GET /auth/login 200 in 110ms (next.js: 66ms, proxy.ts: 5ms, application-code: 39ms)
 GET /dashboard/products 200 in 75ms (next.js: 9ms, proxy.ts: 5ms, application-code: 61ms)
 GET /auth/login 200 in 78ms (next.js: 44ms, proxy.ts: 5ms, application-code: 29ms)
 GET /dashboard/products 200 in 77ms (next.js: 7ms, proxy.ts: 5ms, application-code: 64ms)
 GET /auth/login 200 in 77ms (next.js: 42ms, proxy.ts: 5ms, application-code: 29ms)
 GET /dashboard/products 200 in 64ms (next.js: 7ms, proxy.ts: 4ms, application-code: 54ms)
 GET /auth/login 200 in 68ms (next.js: 38ms, proxy.ts: 5ms, application-code: 24ms)
✓ Compiled in 277ms
 GET /dashboard/products 200 in 91ms (next.js: 9ms, proxy.ts: 6ms, application-code: 76ms)
 GET /auth/login 200 in 91ms (next.js: 48ms, proxy.ts: 6ms, application-code: 37ms)
 GET /dashboard/products 200 in 76ms (next.js: 9ms, proxy.ts: 5ms, application-code: 63ms)
 GET /auth/login 200 in 74ms (next.js: 39ms, proxy.ts: 8ms, application-code: 27ms)
 GET /dashboard/products 200 in 69ms (next.js: 8ms, proxy.ts: 6ms, application-code: 55ms)
 GET /auth/login 200 in 67ms (next.js: 37ms, proxy.ts: 5ms, application-code: 24ms)
 GET /dashboard/products 200 in 75ms (next.js: 8ms, proxy.ts: 4ms, application-code: 63ms)
 GET /auth/login 200 in 90ms (next.js: 15ms, proxy.ts: 29ms, application-code: 47ms)
 GET /auth/login 200 in 84ms (next.js: 22ms, proxy.ts: 5ms, application-code: 57ms)
 GET /dashboard/products 200 in 34ms (next.js: 7ms, proxy.ts: 6ms, application-code: 22ms)
 GET /dashboard/products 200 in 77ms (next.js: 7ms, proxy.ts: 5ms, application-code: 65ms)
 GET /auth/login 200 in 76ms (next.js: 41ms, proxy.ts: 4ms, application-code: 31ms)
 GET /dashboard/products 200 in 74ms (next.js: 8ms, proxy.ts: 5ms, application-code: 60ms)
 GET /auth/login 200 in 74ms (next.js: 45ms, proxy.ts: 5ms, application-code: 23ms)
 GET / 200 in 932ms (next.js: 812ms, proxy.ts: 3ms, application-code: 117ms)
 GET /store/essence-62ba 200 in 2.1s (next.js: 47ms, proxy.ts: 14ms, application-code: 2.0s)
 GET /cart 200 in 990ms (next.js: 317ms, proxy.ts: 53ms, application-code: 620ms)
 GET /checkout 200 in 839ms (next.js: 39ms, proxy.ts: 9ms, application-code: 791ms)
 GET /auth/login 200 in 94ms (next.js: 29ms, proxy.ts: 7ms, application-code: 58ms)
 GET /auth/login 200 in 60ms (next.js: 15ms, proxy.ts: 9ms, application-code: 37ms)
 GET /store/essence-62ba/auth/signup 200 in 101ms (next.js: 42ms, proxy.ts: 13ms, application-code: 46ms)
 GET /store/essence-62ba 200 in 915ms (next.js: 45ms, proxy.ts: 11ms, application-code: 858ms)
 GET /store/essence-62ba 200 in 1047ms (next.js: 90ms, proxy.ts: 11ms, application-code: 946ms)
 GET /cart 200 in 728ms (next.js: 33ms, proxy.ts: 10ms, application-code: 685ms)
 GET /checkout 200 in 702ms (next.js: 30ms, proxy.ts: 9ms, application-code: 663ms)
 GET /auth/login 200 in 66ms (next.js: 22ms, proxy.ts: 6ms, application-code: 38ms)
 GET /auth/login 200 in 68ms (next.js: 23ms, proxy.ts: 8ms, application-code: 37ms)
 GET /checkout 200 in 756ms (next.js: 12ms, proxy.ts: 7ms, application-code: 737ms)
 GET /auth/login 200 in 1211ms (next.js: 28ms, proxy.ts: 5ms, application-code: 1178ms)
 GET /store/essence-62ba 200 in 1131ms (next.js: 56ms, proxy.ts: 17ms, application-code: 1059ms)
 GET /cart 200 in 691ms (next.js: 32ms, proxy.ts: 10ms, application-code: 649ms)
 GET /products 200 in 5.0s (next.js: 3.7s, proxy.ts: 6ms, application-code: 1282ms)
 GET /products/8c8dfa58-5798-4161-95fd-ada19e62741d 200 in 1255ms (next.js: 155ms, proxy.ts: 10ms, application-code: 1089ms)
 GET /cart 200 in 1048ms (next.js: 39ms, proxy.ts: 10ms, application-code: 998ms)
 GET /checkout 200 in 750ms (next.js: 29ms, proxy.ts: 34ms, application-code: 687ms)
 GET /dashboard/orders 200 in 96ms (next.js: 28ms, proxy.ts: 10ms, application-code: 58ms)
✓ Compiled in 475ms
 GET /dashboard/orders 200 in 607ms (next.js: 219ms, proxy.ts: 144ms, application-code: 245ms)
 GET /checkout 200 in 707ms (next.js: 362ms, proxy.ts: 140ms, application-code: 205ms)
 GET /dashboard/orders 200 in 239ms (next.js: 15ms, proxy.ts: 78ms, application-code: 147ms)
 GET /dashboard/orders 200 in 165ms (next.js: 52ms, proxy.ts: 11ms, application-code: 102ms)
 GET /checkout 200 in 266ms (next.js: 35ms, proxy.ts: 49ms, application-code: 182ms)
 GET /dashboard/orders 200 in 168ms (next.js: 13ms, proxy.ts: 10ms, application-code: 146ms)
 GET /dashboard/orders 200 in 211ms (next.js: 16ms, proxy.ts: 44ms, application-code: 151ms)
 GET /checkout 200 in 277ms (next.js: 62ms, proxy.ts: 11ms, application-code: 204ms)
 GET /dashboard/orders 200 in 171ms (next.js: 18ms, proxy.ts: 9ms, application-code: 145ms)
 GET /checkout 200 in 282ms (next.js: 61ms, proxy.ts: 51ms, application-code: 170ms)
 GET /dashboard/orders 200 in 167ms (next.js: 12ms, proxy.ts: 10ms, application-code: 146ms)
 GET /checkout 200 in 266ms (next.js: 60ms, proxy.ts: 9ms, application-code: 196ms)
 GET /dashboard/orders 200 in 213ms (next.js: 23ms, proxy.ts: 47ms, application-code: 143ms)
 GET /dashboard/orders 200 in 175ms (next.js: 49ms, proxy.ts: 7ms, application-code: 119ms)
 GET /checkout 200 in 289ms (next.js: 31ms, proxy.ts: 44ms, application-code: 215ms)
 GET /dashboard/orders 200 in 187ms (next.js: 17ms, proxy.ts: 7ms, application-code: 162ms)
 GET /checkout 200 in 286ms (next.js: 84ms, proxy.ts: 10ms, application-code: 192ms)
 GET /dashboard/orders 200 in 216ms (next.js: 16ms, proxy.ts: 59ms, application-code: 141ms)
 GET /dashboard/orders 200 in 227ms (next.js: 51ms, proxy.ts: 7ms, application-code: 169ms)
 GET /checkout 200 in 332ms (next.js: 24ms, proxy.ts: 47ms, application-code: 261ms)
 GET /dashboard/orders 200 in 244ms (next.js: 12ms, proxy.ts: 10ms, application-code: 222ms)
 GET /checkout 200 in 313ms (next.js: 85ms, proxy.ts: 14ms, application-code: 215ms)
 GET /dashboard/orders 200 in 270ms (next.js: 33ms, proxy.ts: 91ms, application-code: 146ms)
 GET /dashboard/orders 200 in 217ms (next.js: 21ms, proxy.ts: 50ms, application-code: 146ms)
 GET /checkout 200 in 328ms (next.js: 74ms, proxy.ts: 48ms, application-code: 206ms)
 GET /dashboard/orders 200 in 171ms (next.js: 17ms, proxy.ts: 7ms, application-code: 147ms)
 GET /checkout 200 in 283ms (next.js: 62ms, proxy.ts: 47ms, application-code: 175ms)
 GET /dashboard/orders 200 in 191ms (next.js: 13ms, proxy.ts: 13ms, application-code: 165ms)
 GET /dashboard/orders 200 in 144ms (next.js: 20ms, proxy.ts: 48ms, application-code: 76ms)
 GET /checkout 200 in 201ms (next.js: 60ms, proxy.ts: 9ms, application-code: 132ms)
 GET /dashboard/orders 200 in 190ms (next.js: 47ms, proxy.ts: 17ms, application-code: 125ms)
 GET /checkout 200 in 313ms (next.js: 110ms, proxy.ts: 52ms, application-code: 151ms)
 GET /dashboard/orders 200 in 157ms (next.js: 12ms, proxy.ts: 9ms, application-code: 136ms)
 GET /dashboard/orders 200 in 195ms (next.js: 19ms, proxy.ts: 44ms, application-code: 132ms)
 GET /checkout 200 in 255ms (next.js: 57ms, proxy.ts: 8ms, application-code: 189ms)
 GET /dashboard/orders 200 in 158ms (next.js: 44ms, proxy.ts: 7ms, application-code: 107ms)
 GET /checkout 200 in 249ms (next.js: 24ms, proxy.ts: 44ms, application-code: 181ms)
 GET /dashboard/orders 200 in 150ms (next.js: 10ms, proxy.ts: 7ms, application-code: 133ms)
 GET /checkout 200 in 251ms (next.js: 51ms, proxy.ts: 10ms, application-code: 190ms)
 GET /dashboard/orders 200 in 163ms (next.js: 14ms, proxy.ts: 10ms, application-code: 140ms)
 GET /dashboard/orders 200 in 162ms (next.js: 55ms, proxy.ts: 8ms, application-code: 99ms)
 GET /checkout 200 in 259ms (next.js: 67ms, proxy.ts: 9ms, application-code: 183ms)
 GET /dashboard/orders 200 in 155ms (next.js: 11ms, proxy.ts: 8ms, application-code: 137ms)
 GET /checkout 200 in 253ms (next.js: 56ms, proxy.ts: 11ms, application-code: 186ms)
 GET /dashboard/orders 200 in 163ms (next.js: 13ms, proxy.ts: 13ms, application-code: 137ms)
 GET /dashboard/orders 200 in 206ms (next.js: 51ms, proxy.ts: 14ms, application-code: 141ms)
 GET /checkout 200 in 261ms (next.js: 56ms, proxy.ts: 9ms, application-code: 195ms)
 GET /dashboard/orders 200 in 164ms (next.js: 45ms, proxy.ts: 7ms, application-code: 111ms)
 GET /checkout 200 in 254ms (next.js: 25ms, proxy.ts: 43ms, application-code: 187ms)
 GET /dashboard/orders 200 in 157ms (next.js: 10ms, proxy.ts: 8ms, application-code: 138ms)
 GET /checkout 200 in 251ms (next.js: 55ms, proxy.ts: 13ms, application-code: 183ms)
 GET /dashboard/orders 200 in 197ms (next.js: 18ms, proxy.ts: 46ms, application-code: 133ms)
 GET /dashboard/orders 200 in 209ms (next.js: 52ms, proxy.ts: 7ms, application-code: 149ms)
 GET /checkout 200 in 268ms (next.js: 56ms, proxy.ts: 14ms, application-code: 198ms)
 GET /dashboard/orders 200 in 165ms (next.js: 17ms, proxy.ts: 6ms, application-code: 142ms)
 GET /checkout 200 in 266ms (next.js: 62ms, proxy.ts: 44ms, application-code: 160ms)
 GET /dashboard/orders 200 in 158ms (next.js: 11ms, proxy.ts: 11ms, application-code: 136ms)
 GET /dashboard/orders 200 in 205ms (next.js: 49ms, proxy.ts: 14ms, application-code: 143ms)
 GET /checkout 200 in 263ms (next.js: 60ms, proxy.ts: 9ms, application-code: 194ms)
 GET /dashboard/orders 200 in 159ms (next.js: 11ms, proxy.ts: 9ms, application-code: 140ms)
 GET /checkout 200 in 246ms (next.js: 60ms, proxy.ts: 40ms, application-code: 147ms)
 GET /dashboard/orders 200 in 157ms (next.js: 11ms, proxy.ts: 14ms, application-code: 132ms)
 GET /dashboard/orders 200 in 188ms (next.js: 16ms, proxy.ts: 43ms, application-code: 129ms)
 GET /checkout 200 in 241ms (next.js: 53ms, proxy.ts: 7ms, application-code: 181ms)
 GET /dashboard/orders 200 in 149ms (next.js: 47ms, proxy.ts: 7ms, application-code: 95ms)
 GET /checkout 200 in 251ms (next.js: 24ms, proxy.ts: 46ms, application-code: 180ms)
 GET /dashboard/orders 200 in 158ms (next.js: 11ms, proxy.ts: 12ms, application-code: 135ms)
 GET /checkout 200 in 250ms (next.js: 56ms, proxy.ts: 12ms, application-code: 182ms)
 GET /dashboard/orders 200 in 158ms (next.js: 14ms, proxy.ts: 10ms, application-code: 134ms)
 GET /dashboard/orders 200 in 191ms (next.js: 55ms, proxy.ts: 8ms, application-code: 128ms)
 GET /checkout 200 in 248ms (next.js: 57ms, proxy.ts: 8ms, application-code: 183ms)
 GET /dashboard/orders 200 in 145ms (next.js: 15ms, proxy.ts: 8ms, application-code: 122ms)
 GET /checkout 200 in 234ms (next.js: 46ms, proxy.ts: 40ms, application-code: 148ms)
 GET /dashboard/orders 200 in 156ms (next.js: 11ms, proxy.ts: 10ms, application-code: 136ms)
 GET /dashboard/orders 200 in 206ms (next.js: 15ms, proxy.ts: 44ms, application-code: 146ms)
 GET /checkout 200 in 261ms (next.js: 53ms, proxy.ts: 10ms, application-code: 199ms)
 GET /dashboard/orders 200 in 168ms (next.js: 10ms, proxy.ts: 7ms, application-code: 151ms)
 GET /checkout 200 in 278ms (next.js: 55ms, proxy.ts: 50ms, application-code: 172ms)
 GET /dashboard/orders 200 in 168ms (next.js: 12ms, proxy.ts: 14ms, application-code: 142ms)
 GET /dashboard/orders 200 in 193ms (next.js: 14ms, proxy.ts: 52ms, application-code: 127ms)
 GET /checkout 200 in 262ms (next.js: 67ms, proxy.ts: 11ms, application-code: 184ms)
 GET /dashboard/orders 200 in 150ms (next.js: 14ms, proxy.ts: 7ms, application-code: 129ms)
 GET /checkout 200 in 353ms (next.js: 52ms, proxy.ts: 45ms, application-code: 256ms)
 GET /dashboard/orders 200 in 256ms (next.js: 12ms, proxy.ts: 10ms, application-code: 233ms)
 GET /checkout 200 in 335ms (next.js: 54ms, proxy.ts: 8ms, application-code: 273ms)
 GET /dashboard/orders 200 in 285ms (next.js: 114ms, proxy.ts: 44ms, application-code: 127ms)
 GET /dashboard/orders 200 in 146ms (next.js: 16ms, proxy.ts: 8ms, application-code: 123ms)
 GET /checkout 200 in 317ms (next.js: 52ms, proxy.ts: 121ms, application-code: 144ms)
 GET /dashboard/orders 200 in 151ms (next.js: 11ms, proxy.ts: 9ms, application-code: 130ms)
 GET /checkout 200 in 246ms (next.js: 58ms, proxy.ts: 7ms, application-code: 180ms)
 GET /dashboard/orders 200 in 200ms (next.js: 15ms, proxy.ts: 44ms, application-code: 141ms)
 GET /dashboard/orders 200 in 123ms (next.js: 48ms, proxy.ts: 6ms, application-code: 69ms)
 GET /checkout 200 in 264ms (next.js: 30ms, proxy.ts: 39ms, application-code: 195ms)
 GET /dashboard/orders 200 in 206ms (next.js: 12ms, proxy.ts: 8ms, application-code: 185ms)
 GET /checkout 200 in 265ms (next.js: 59ms, proxy.ts: 9ms, application-code: 198ms)
 GET /dashboard/orders 200 in 206ms (next.js: 13ms, proxy.ts: 14ms, application-code: 179ms)
 GET /dashboard/orders 200 in 218ms (next.js: 48ms, proxy.ts: 14ms, application-code: 155ms)
 GET /checkout 200 in 315ms (next.js: 101ms, proxy.ts: 8ms, application-code: 207ms)
 GET /dashboard/orders 200 in 174ms (next.js: 70ms, proxy.ts: 7ms, application-code: 96ms)
 GET /checkout 200 in 283ms (next.js: 39ms, proxy.ts: 45ms, application-code: 199ms)
 GET /dashboard/orders 200 in 293ms (next.js: 11ms, proxy.ts: 9ms, application-code: 273ms)
 GET /checkout 200 in 383ms (next.js: 58ms, proxy.ts: 9ms, application-code: 316ms)
 GET /dashboard/orders 200 in 324ms (next.js: 143ms, proxy.ts: 12ms, application-code: 170ms)
 GET /dashboard/orders 200 in 229ms (next.js: 56ms, proxy.ts: 7ms, application-code: 165ms)
 GET /checkout 200 in 424ms (next.js: 55ms, proxy.ts: 139ms, application-code: 231ms)
 GET /dashboard/orders 200 in 190ms (next.js: 17ms, proxy.ts: 45ms, application-code: 128ms)
 GET /checkout 200 in 282ms (next.js: 89ms, proxy.ts: 41ms, application-code: 152ms)
 GET /dashboard/orders 200 in 157ms (next.js: 11ms, proxy.ts: 8ms, application-code: 139ms)
 GET /dashboard/orders 200 in 197ms (next.js: 15ms, proxy.ts: 45ms, application-code: 137ms)
 GET /checkout 200 in 255ms (next.js: 55ms, proxy.ts: 8ms, application-code: 191ms)
 GET /dashboard/orders 200 in 152ms (next.js: 16ms, proxy.ts: 7ms, application-code: 129ms)
 GET /checkout 200 in 258ms (next.js: 60ms, proxy.ts: 52ms, application-code: 147ms)
 GET /dashboard/orders 200 in 158ms (next.js: 12ms, proxy.ts: 11ms, application-code: 136ms)
 GET /dashboard/orders 200 in 195ms (next.js: 14ms, proxy.ts: 40ms, application-code: 140ms)
 GET /checkout 200 in 256ms (next.js: 59ms, proxy.ts: 7ms, application-code: 189ms)
 GET /dashboard/orders 200 in 165ms (next.js: 17ms, proxy.ts: 9ms, application-code: 139ms)
 GET /checkout 200 in 260ms (next.js: 63ms, proxy.ts: 38ms, application-code: 159ms)
 GET /dashboard/orders 200 in 164ms (next.js: 12ms, proxy.ts: 9ms, application-code: 142ms)
 GET /dashboard/orders 200 in 204ms (next.js: 20ms, proxy.ts: 48ms, application-code: 136ms)
 GET /checkout 200 in 259ms (next.js: 60ms, proxy.ts: 7ms, application-code: 192ms)
 GET /dashboard/orders 200 in 155ms (next.js: 46ms, proxy.ts: 7ms, application-code: 102ms)
 GET /checkout 200 in 251ms (next.js: 25ms, proxy.ts: 45ms, application-code: 181ms)
 GET /dashboard/orders 200 in 156ms (next.js: 10ms, proxy.ts: 9ms, application-code: 137ms)
 GET /checkout 200 in 196ms (next.js: 53ms, proxy.ts: 14ms, application-code: 129ms)
 GET /dashboard/orders 200 in 136ms (next.js: 13ms, proxy.ts: 12ms, application-code: 111ms)
 GET /checkout 200 in 235ms (next.js: 80ms, proxy.ts: 10ms, application-code: 144ms)
 GET /dashboard/orders 200 in 153ms (next.js: 12ms, proxy.ts: 10ms, application-code: 131ms)
 GET /dashboard/orders 200 in 217ms (next.js: 19ms, proxy.ts: 44ms, application-code: 154ms)
 GET /checkout 200 in 272ms (next.js: 54ms, proxy.ts: 7ms, application-code: 210ms)
 GET /dashboard/orders 200 in 169ms (next.js: 55ms, proxy.ts: 6ms, application-code: 109ms)
 GET /checkout 200 in 271ms (next.js: 27ms, proxy.ts: 41ms, application-code: 202ms)
 GET /dashboard/orders 200 in 154ms (next.js: 11ms, proxy.ts: 9ms, application-code: 135ms)
 GET /checkout 200 in 256ms (next.js: 55ms, proxy.ts: 9ms, application-code: 193ms)
 GET /dashboard/orders 200 in 207ms (next.js: 14ms, proxy.ts: 44ms, application-code: 148ms)
 GET /dashboard/orders 200 in 173ms (next.js: 65ms, proxy.ts: 7ms, application-code: 101ms)
 GET /checkout 200 in 282ms (next.js: 35ms, proxy.ts: 41ms, application-code: 206ms)
 GET /dashboard/orders 200 in 162ms (next.js: 11ms, proxy.ts: 9ms, application-code: 143ms)
 GET /checkout 200 in 178ms (next.js: 66ms, proxy.ts: 12ms, application-code: 100ms)
 GET /dashboard/orders 200 in 111ms (next.js: 9ms, proxy.ts: 56ms, application-code: 47ms)
 GET /checkout 200 in 177ms (next.js: 13ms, proxy.ts: 6ms, application-code: 159ms)
 GET /dashboard/orders 200 in 164ms (next.js: 12ms, proxy.ts: 9ms, application-code: 144ms)
 GET /dashboard/orders 200 in 200ms (next.js: 56ms, proxy.ts: 12ms, application-code: 133ms)
 GET /checkout 200 in 257ms (next.js: 58ms, proxy.ts: 7ms, application-code: 193ms)
 GET /dashboard/orders 200 in 156ms (next.js: 47ms, proxy.ts: 12ms, application-code: 96ms)
 GET /checkout 200 in 255ms (next.js: 34ms, proxy.ts: 42ms, application-code: 179ms)
 GET /dashboard/orders 200 in 155ms (next.js: 11ms, proxy.ts: 8ms, application-code: 136ms)
 GET /dashboard/orders 200 in 200ms (next.js: 14ms, proxy.ts: 43ms, application-code: 143ms)
 GET /checkout 200 in 263ms (next.js: 62ms, proxy.ts: 9ms, application-code: 193ms)
 GET /dashboard/orders 200 in 165ms (next.js: 14ms, proxy.ts: 7ms, application-code: 144ms)
 GET /checkout 200 in 262ms (next.js: 56ms, proxy.ts: 45ms, application-code: 162ms)
 GET /dashboard/orders 200 in 163ms (next.js: 17ms, proxy.ts: 16ms, application-code: 130ms)
 GET /dashboard/orders 200 in 187ms (next.js: 17ms, proxy.ts: 45ms, application-code: 125ms)
 GET /checkout 200 in 245ms (next.js: 58ms, proxy.ts: 12ms, application-code: 175ms)
 GET /dashboard/orders 200 in 159ms (next.js: 47ms, proxy.ts: 8ms, application-code: 104ms)
 GET /checkout 200 in 265ms (next.js: 25ms, proxy.ts: 41ms, application-code: 199ms)
 GET /dashboard/orders 200 in 174ms (next.js: 11ms, proxy.ts: 8ms, application-code: 156ms)
 GET /checkout 200 in 265ms (next.js: 72ms, proxy.ts: 8ms, application-code: 184ms)
 GET /dashboard/orders 200 in 206ms (next.js: 14ms, proxy.ts: 58ms, application-code: 133ms)
 GET /dashboard/orders 200 in 155ms (next.js: 15ms, proxy.ts: 7ms, application-code: 134ms)
 GET /checkout 200 in 265ms (next.js: 52ms, proxy.ts: 51ms, application-code: 162ms)
 GET /dashboard/orders 200 in 166ms (next.js: 12ms, proxy.ts: 16ms, application-code: 138ms)
 GET /dashboard/orders 200 in 193ms (next.js: 14ms, proxy.ts: 44ms, application-code: 135ms)
 GET /checkout 200 in 256ms (next.js: 61ms, proxy.ts: 9ms, application-code: 187ms)
 GET /dashboard/orders 200 in 153ms (next.js: 15ms, proxy.ts: 6ms, application-code: 132ms)
 GET /checkout 200 in 256ms (next.js: 51ms, proxy.ts: 47ms, application-code: 159ms)
 GET /dashboard/orders 200 in 153ms (next.js: 12ms, proxy.ts: 11ms, application-code: 131ms)
 GET /dashboard/orders 200 in 195ms (next.js: 19ms, proxy.ts: 44ms, application-code: 132ms)
 GET /checkout 200 in 254ms (next.js: 53ms, proxy.ts: 8ms, application-code: 193ms)
 GET /dashboard/orders 200 in 155ms (next.js: 47ms, proxy.ts: 6ms, application-code: 102ms)
 GET /checkout 200 in 257ms (next.js: 28ms, proxy.ts: 41ms, application-code: 188ms)
 GET /dashboard/orders 200 in 164ms (next.js: 10ms, proxy.ts: 15ms, application-code: 139ms)
 GET /checkout 200 in 252ms (next.js: 57ms, proxy.ts: 15ms, application-code: 180ms)
 GET /dashboard/orders 200 in 195ms (next.js: 13ms, proxy.ts: 41ms, application-code: 140ms)
 GET /dashboard/orders 200 in 173ms (next.js: 51ms, proxy.ts: 8ms, application-code: 115ms)
 GET /checkout 200 in 291ms (next.js: 61ms, proxy.ts: 6ms, application-code: 223ms)
 GET /dashboard/orders 200 in 273ms (next.js: 11ms, proxy.ts: 9ms, application-code: 253ms)
 GET /checkout 200 in 376ms (next.js: 89ms, proxy.ts: 12ms, application-code: 276ms)
 GET /dashboard/orders 200 in 313ms (next.js: 97ms, proxy.ts: 75ms, application-code: 141ms)
 GET /dashboard/orders 200 in 125ms (next.js: 48ms, proxy.ts: 9ms, application-code: 69ms)
 GET /checkout 200 in 260ms (next.js: 26ms, proxy.ts: 45ms, application-code: 189ms)
 GET /dashboard/orders 200 in 158ms (next.js: 15ms, proxy.ts: 10ms, application-code: 134ms)
 GET /checkout 200 in 220ms (next.js: 53ms, proxy.ts: 9ms, application-code: 158ms)
 GET /dashboard/orders 200 in 168ms (next.js: 12ms, proxy.ts: 15ms, application-code: 141ms)
 GET /dashboard/orders 200 in 194ms (next.js: 14ms, proxy.ts: 44ms, application-code: 137ms)
 GET /checkout 200 in 254ms (next.js: 57ms, proxy.ts: 12ms, application-code: 185ms)
 GET /dashboard/orders 200 in 151ms (next.js: 15ms, proxy.ts: 7ms, application-code: 129ms)
 GET /checkout 200 in 297ms (next.js: 51ms, proxy.ts: 51ms, application-code: 195ms)
 GET /dashboard/orders 200 in 166ms (next.js: 11ms, proxy.ts: 9ms, application-code: 146ms)
 GET /dashboard/orders 200 in 201ms (next.js: 17ms, proxy.ts: 50ms, application-code: 135ms)
 GET /checkout 200 in 262ms (next.js: 59ms, proxy.ts: 9ms, application-code: 194ms)
 GET /dashboard/orders 200 in 148ms (next.js: 16ms, proxy.ts: 7ms, application-code: 125ms)
 GET /checkout 200 in 265ms (next.js: 55ms, proxy.ts: 48ms, application-code: 161ms)
 GET /dashboard/orders 200 in 167ms (next.js: 11ms, proxy.ts: 11ms, application-code: 145ms)
 GET /checkout 200 in 248ms (next.js: 63ms, proxy.ts: 8ms, application-code: 177ms)
 GET /dashboard/orders 200 in 195ms (next.js: 21ms, proxy.ts: 52ms, application-code: 122ms)
 GET /dashboard/orders 200 in 152ms (next.js: 46ms, proxy.ts: 7ms, application-code: 100ms)
 GET /checkout 200 in 254ms (next.js: 26ms, proxy.ts: 42ms, application-code: 185ms)
 GET /dashboard/orders 200 in 161ms (next.js: 11ms, proxy.ts: 8ms, application-code: 143ms)
 GET /checkout 200 in 377ms (next.js: 58ms, proxy.ts: 9ms, application-code: 311ms)
 GET /dashboard/orders 200 in 322ms (next.js: 15ms, proxy.ts: 49ms, application-code: 258ms)
 GET /dashboard/orders 200 in 294ms (next.js: 148ms, proxy.ts: 9ms, application-code: 137ms)
 GET /checkout 200 in 371ms (next.js: 86ms, proxy.ts: 12ms, application-code: 273ms)
 GET /dashboard/orders 200 in 153ms (next.js: 13ms, proxy.ts: 7ms, application-code: 132ms)
 GET /checkout 200 in 238ms (next.js: 55ms, proxy.ts: 10ms, application-code: 174ms)
 GET /dashboard/orders 200 in 151ms (next.js: 12ms, proxy.ts: 9ms, application-code: 130ms)
 GET /dashboard/orders 200 in 150ms (next.js: 47ms, proxy.ts: 8ms, application-code: 95ms)
 GET /checkout 200 in 257ms (next.js: 59ms, proxy.ts: 8ms, application-code: 189ms)
 GET /dashboard/orders 200 in 159ms (next.js: 11ms, proxy.ts: 7ms, application-code: 142ms)
 GET /checkout 200 in 253ms (next.js: 63ms, proxy.ts: 10ms, application-code: 180ms)
 GET /dashboard/orders 200 in 155ms (next.js: 11ms, proxy.ts: 10ms, application-code: 134ms)
 GET /dashboard/orders 200 in 193ms (next.js: 53ms, proxy.ts: 8ms, application-code: 132ms)
 GET /checkout 200 in 255ms (next.js: 57ms, proxy.ts: 8ms, application-code: 190ms)
 GET /dashboard/orders 200 in 159ms (next.js: 11ms, proxy.ts: 8ms, application-code: 140ms)
 GET /checkout 200 in 245ms (next.js: 61ms, proxy.ts: 40ms, application-code: 144ms)
 GET /dashboard/orders 200 in 157ms (next.js: 12ms, proxy.ts: 15ms, application-code: 130ms)
 GET /dashboard/orders 200 in 181ms (next.js: 50ms, proxy.ts: 7ms, application-code: 124ms)
 GET /checkout 200 in 238ms (next.js: 56ms, proxy.ts: 7ms, application-code: 175ms)
 GET /dashboard/orders 200 in 151ms (next.js: 9ms, proxy.ts: 7ms, application-code: 134ms)
 GET /checkout 200 in 244ms (next.js: 51ms, proxy.ts: 44ms, application-code: 149ms)
 GET /dashboard/orders 200 in 157ms (next.js: 14ms, proxy.ts: 10ms, application-code: 133ms)
 GET /dashboard/orders 200 in 152ms (next.js: 44ms, proxy.ts: 12ms, application-code: 96ms)
 GET /checkout 200 in 249ms (next.js: 62ms, proxy.ts: 7ms, application-code: 180ms)
 GET /dashboard/orders 200 in 149ms (next.js: 12ms, proxy.ts: 8ms, application-code: 129ms)
 GET /checkout 200 in 256ms (next.js: 57ms, proxy.ts: 41ms, application-code: 158ms)
 GET /dashboard/orders 200 in 174ms (next.js: 11ms, proxy.ts: 10ms, application-code: 153ms)
 GET /dashboard/orders 200 in 222ms (next.js: 22ms, proxy.ts: 59ms, application-code: 141ms)
 GET /checkout 200 in 275ms (next.js: 56ms, proxy.ts: 8ms, application-code: 211ms)
 GET /dashboard/orders 200 in 166ms (next.js: 16ms, proxy.ts: 6ms, application-code: 144ms)
 GET /checkout 200 in 281ms (next.js: 57ms, proxy.ts: 45ms, application-code: 179ms)
 GET /dashboard/orders 200 in 175ms (next.js: 13ms, proxy.ts: 11ms, application-code: 151ms)
 GET /dashboard/orders 200 in 211ms (next.js: 14ms, proxy.ts: 53ms, application-code: 144ms)
 GET /checkout 200 in 272ms (next.js: 61ms, proxy.ts: 11ms, application-code: 200ms)
 GET /dashboard/orders 200 in 148ms (next.js: 52ms, proxy.ts: 7ms, application-code: 88ms)
 GET /checkout 200 in 255ms (next.js: 34ms, proxy.ts: 46ms, application-code: 175ms)
 GET /dashboard/orders 200 in 145ms (next.js: 11ms, proxy.ts: 10ms, application-code: 125ms)
 GET /checkout 200 in 172ms (next.js: 59ms, proxy.ts: 10ms, application-code: 102ms)
 GET /dashboard/orders 200 in 158ms (next.js: 10ms, proxy.ts: 43ms, application-code: 105ms)
 GET /dashboard/orders 200 in 155ms (next.js: 13ms, proxy.ts: 8ms, application-code: 135ms)
 GET /checkout 200 in 229ms (next.js: 64ms, proxy.ts: 11ms, application-code: 155ms)
 GET /dashboard/orders 200 in 164ms (next.js: 11ms, proxy.ts: 9ms, application-code: 144ms)
 GET /dashboard/orders 200 in 159ms (next.js: 58ms, proxy.ts: 8ms, application-code: 93ms)
 GET /checkout 200 in 258ms (next.js: 61ms, proxy.ts: 7ms, application-code: 190ms)
 GET /dashboard/orders 200 in 152ms (next.js: 10ms, proxy.ts: 8ms, application-code: 134ms)
 GET /checkout 200 in 243ms (next.js: 53ms, proxy.ts: 42ms, application-code: 147ms)
 GET /dashboard/orders 200 in 163ms (next.js: 12ms, proxy.ts: 14ms, application-code: 137ms)
 GET /checkout 200 in 246ms (next.js: 56ms, proxy.ts: 8ms, application-code: 183ms)
 GET /dashboard/orders 200 in 197ms (next.js: 14ms, proxy.ts: 44ms, application-code: 139ms)
 GET /dashboard/orders 200 in 183ms (next.js: 16ms, proxy.ts: 7ms, application-code: 160ms)
 GET /checkout 200 in 282ms (next.js: 52ms, proxy.ts: 51ms, application-code: 180ms)
 GET /dashboard/orders 200 in 186ms (next.js: 42ms, proxy.ts: 10ms, application-code: 134ms)
 GET /dashboard/orders 200 in 201ms (next.js: 16ms, proxy.ts: 43ms, application-code: 143ms)
 GET /checkout 200 in 290ms (next.js: 86ms, proxy.ts: 10ms, application-code: 194ms)
 GET /dashboard/orders 200 in 164ms (next.js: 56ms, proxy.ts: 7ms, application-code: 100ms)
 GET /checkout 200 in 267ms (next.js: 35ms, proxy.ts: 45ms, application-code: 187ms)
 GET /dashboard/orders 200 in 154ms (next.js: 10ms, proxy.ts: 10ms, application-code: 135ms)
 GET /checkout 200 in 244ms (next.js: 56ms, proxy.ts: 11ms, application-code: 177ms)
 GET /dashboard/orders 200 in 195ms (next.js: 17ms, proxy.ts: 45ms, application-code: 133ms)
 GET /dashboard/orders 200 in 153ms (next.js: 47ms, proxy.ts: 6ms, application-code: 100ms)
 GET /checkout 200 in 249ms (next.js: 27ms, proxy.ts: 39ms, application-code: 183ms)
 GET /dashboard/orders 200 in 161ms (next.js: 10ms, proxy.ts: 8ms, application-code: 143ms)
 GET /checkout 200 in 253ms (next.js: 57ms, proxy.ts: 8ms, application-code: 187ms)
 GET /dashboard/orders 200 in 196ms (next.js: 15ms, proxy.ts: 46ms, application-code: 136ms)
 GET /dashboard/orders 200 in 158ms (next.js: 48ms, proxy.ts: 7ms, application-code: 103ms)
 GET /checkout 200 in 262ms (next.js: 32ms, proxy.ts: 43ms, application-code: 187ms)
 GET /dashboard/orders 200 in 166ms (next.js: 11ms, proxy.ts: 8ms, application-code: 147ms)
 GET /checkout 200 in 269ms (next.js: 65ms, proxy.ts: 8ms, application-code: 196ms)
 GET /dashboard/orders 200 in 208ms (next.js: 15ms, proxy.ts: 46ms, application-code: 147ms)
 GET /dashboard/orders 200 in 153ms (next.js: 50ms, proxy.ts: 8ms, application-code: 95ms)
 GET /checkout 200 in 278ms (next.js: 61ms, proxy.ts: 12ms, application-code: 204ms)
 GET /dashboard/orders 200 in 172ms (next.js: 10ms, proxy.ts: 8ms, application-code: 154ms)
 GET /checkout 200 in 242ms (next.js: 54ms, proxy.ts: 11ms, application-code: 177ms)
 GET /dashboard/orders 200 in 221ms (next.js: 19ms, proxy.ts: 55ms, application-code: 147ms)
 GET /dashboard/orders 200 in 169ms (next.js: 59ms, proxy.ts: 8ms, application-code: 102ms)
 GET /checkout 200 in 267ms (next.js: 62ms, proxy.ts: 18ms, application-code: 187ms)
 GET /dashboard/orders 200 in 157ms (next.js: 10ms, proxy.ts: 7ms, application-code: 140ms)
 GET /checkout 200 in 285ms (next.js: 57ms, proxy.ts: 13ms, application-code: 215ms)
 GET /dashboard/orders 200 in 220ms (next.js: 13ms, proxy.ts: 41ms, application-code: 165ms)
 GET /dashboard/orders 200 in 131ms (next.js: 61ms, proxy.ts: 36ms, application-code: 34ms)
 GET /checkout 200 in 182ms (next.js: 90ms, proxy.ts: 13ms, application-code: 80ms)
 GET /dashboard/orders 200 in 161ms (next.js: 19ms, proxy.ts: 7ms, application-code: 135ms)
 GET /checkout 200 in 173ms (next.js: 55ms, proxy.ts: 7ms, application-code: 111ms)
 GET /dashboard/orders 200 in 114ms (next.js: 8ms, proxy.ts: 5ms, application-code: 101ms)
 GET /dashboard/orders 200 in 151ms (next.js: 11ms, proxy.ts: 7ms, application-code: 133ms)
 GET /checkout 200 in 214ms (next.js: 60ms, proxy.ts: 9ms, application-code: 145ms)
 GET /dashboard/orders 200 in 193ms (next.js: 12ms, proxy.ts: 9ms, application-code: 172ms)
 GET /dashboard/orders 200 in 197ms (next.js: 52ms, proxy.ts: 12ms, application-code: 133ms)
 GET /checkout 200 in 282ms (next.js: 56ms, proxy.ts: 7ms, application-code: 220ms)
 GET /dashboard/orders 200 in 150ms (next.js: 14ms, proxy.ts: 7ms, application-code: 129ms)
 GET /checkout 200 in 288ms (next.js: 57ms, proxy.ts: 78ms, application-code: 152ms)
 GET /dashboard/orders 200 in 175ms (next.js: 12ms, proxy.ts: 13ms, application-code: 149ms)
 GET /dashboard/orders 200 in 221ms (next.js: 55ms, proxy.ts: 6ms, application-code: 160ms)
 GET /checkout 200 in 284ms (next.js: 56ms, proxy.ts: 8ms, application-code: 220ms)
 GET /dashboard/orders 200 in 170ms (next.js: 14ms, proxy.ts: 9ms, application-code: 146ms)
 GET /checkout 200 in 277ms (next.js: 72ms, proxy.ts: 53ms, application-code: 152ms)
 GET /dashboard/orders 200 in 155ms (next.js: 13ms, proxy.ts: 9ms, application-code: 133ms)
 GET /checkout 200 in 249ms (next.js: 57ms, proxy.ts: 7ms, application-code: 185ms)
 GET /dashboard/orders 200 in 198ms (next.js: 14ms, proxy.ts: 45ms, application-code: 139ms)
 GET /dashboard/orders 200 in 198ms (next.js: 57ms, proxy.ts: 7ms, application-code: 134ms)
 GET /checkout 200 in 270ms (next.js: 24ms, proxy.ts: 40ms, application-code: 206ms)
 GET /dashboard/orders 200 in 169ms (next.js: 10ms, proxy.ts: 7ms, application-code: 152ms)
 GET /checkout 200 in 230ms (next.js: 52ms, proxy.ts: 13ms, application-code: 165ms)
 GET /dashboard/orders 200 in 166ms (next.js: 16ms, proxy.ts: 14ms, application-code: 136ms)
 GET /dashboard/orders 200 in 193ms (next.js: 47ms, proxy.ts: 11ms, application-code: 134ms)
 GET /checkout 200 in 253ms (next.js: 59ms, proxy.ts: 10ms, application-code: 184ms)
 GET /dashboard/orders 200 in 153ms (next.js: 15ms, proxy.ts: 8ms, application-code: 130ms)
 GET /checkout 200 in 257ms (next.js: 53ms, proxy.ts: 48ms, application-code: 156ms)
 GET /dashboard/orders 200 in 162ms (next.js: 11ms, proxy.ts: 11ms, application-code: 140ms)
 GET /checkout 200 in 256ms (next.js: 64ms, proxy.ts: 8ms, application-code: 184ms)
 GET /dashboard/orders 200 in 200ms (next.js: 15ms, proxy.ts: 49ms, application-code: 136ms)
 GET /dashboard/orders 200 in 145ms (next.js: 44ms, proxy.ts: 7ms, application-code: 93ms)
 GET /checkout 200 in 267ms (next.js: 24ms, proxy.ts: 43ms, application-code: 200ms)
 GET /dashboard/orders 200 in 169ms (next.js: 11ms, proxy.ts: 10ms, application-code: 148ms)
 GET /checkout 200 in 227ms (next.js: 68ms, proxy.ts: 10ms, application-code: 149ms)
 GET /dashboard/orders 200 in 207ms (next.js: 12ms, proxy.ts: 56ms, application-code: 140ms)
 GET /dashboard/orders 200 in 266ms (next.js: 51ms, proxy.ts: 7ms, application-code: 208ms)
 GET /checkout 200 in 328ms (next.js: 55ms, proxy.ts: 11ms, application-code: 261ms)
 GET /dashboard/orders 200 in 282ms (next.js: 22ms, proxy.ts: 10ms, application-code: 250ms)
 GET /checkout 200 in 423ms (next.js: 101ms, proxy.ts: 48ms, application-code: 275ms)
 GET /dashboard/orders 200 in 255ms (next.js: 52ms, proxy.ts: 10ms, application-code: 193ms)
 GET /dashboard/orders 200 in 234ms (next.js: 26ms, proxy.ts: 81ms, application-code: 128ms)
 GET /checkout 200 in 351ms (next.js: 117ms, proxy.ts: 10ms, application-code: 224ms)
 GET /dashboard/orders 200 in 225ms (next.js: 45ms, proxy.ts: 10ms, application-code: 170ms)
 GET /checkout 200 in 289ms (next.js: 26ms, proxy.ts: 45ms, application-code: 217ms)
 GET /dashboard/orders 200 in 199ms (next.js: 24ms, proxy.ts: 14ms, application-code: 162ms)
 GET /checkout 200 in 264ms (next.js: 82ms, proxy.ts: 15ms, application-code: 168ms)
 GET /dashboard/orders 200 in 171ms (next.js: 14ms, proxy.ts: 15ms, application-code: 141ms)
 GET /dashboard/orders 200 in 163ms (next.js: 52ms, proxy.ts: 7ms, application-code: 103ms)
 GET /checkout 200 in 271ms (next.js: 69ms, proxy.ts: 8ms, application-code: 193ms)
 GET /dashboard/orders 200 in 163ms (next.js: 13ms, proxy.ts: 8ms, application-code: 141ms)
 GET /checkout 200 in 279ms (next.js: 71ms, proxy.ts: 10ms, application-code: 198ms)
 GET /dashboard/orders 200 in 211ms (next.js: 15ms, proxy.ts: 46ms, application-code: 149ms)
 GET /dashboard/orders 200 in 132ms (next.js: 67ms, proxy.ts: 7ms, application-code: 59ms)
 GET /checkout 200 in 182ms (next.js: 56ms, proxy.ts: 12ms, application-code: 114ms)
 GET /dashboard/orders 200 in 181ms (next.js: 30ms, proxy.ts: 8ms, application-code: 142ms)
 GET /checkout 200 in 194ms (next.js: 79ms, proxy.ts: 13ms, application-code: 103ms)
 GET /dashboard/orders 200 in 266ms (next.js: 140ms, proxy.ts: 16ms, application-code: 111ms)
 GET /checkout 200 in 311ms (next.js: 45ms, proxy.ts: 26ms, application-code: 240ms)
 GET /dashboard/orders 200 in 198ms (next.js: 10ms, proxy.ts: 10ms, application-code: 178ms)
 GET /dashboard/orders 200 in 246ms (next.js: 19ms, proxy.ts: 51ms, application-code: 177ms)
 GET /checkout 200 in 315ms (next.js: 67ms, proxy.ts: 10ms, application-code: 238ms)
 GET /dashboard/orders 200 in 175ms (next.js: 54ms, proxy.ts: 10ms, application-code: 112ms)
 GET /checkout 200 in 308ms (next.js: 30ms, proxy.ts: 71ms, application-code: 207ms)
 GET /dashboard/orders 200 in 173ms (next.js: 10ms, proxy.ts: 7ms, application-code: 155ms)
 GET /checkout 200 in 250ms (next.js: 65ms, proxy.ts: 12ms, application-code: 173ms)
 GET /dashboard/orders 200 in 225ms (next.js: 17ms, proxy.ts: 44ms, application-code: 165ms)
 GET /dashboard/orders 200 in 170ms (next.js: 53ms, proxy.ts: 15ms, application-code: 102ms)
 GET /checkout 200 in 298ms (next.js: 83ms, proxy.ts: 7ms, application-code: 208ms)
 GET /dashboard/orders 200 in 190ms (next.js: 11ms, proxy.ts: 7ms, application-code: 172ms)
 GET /checkout 200 in 307ms (next.js: 59ms, proxy.ts: 45ms, application-code: 203ms)
 GET /dashboard/orders 200 in 222ms (next.js: 13ms, proxy.ts: 11ms, application-code: 197ms)
 GET /dashboard/orders 200 in 197ms (next.js: 85ms, proxy.ts: 9ms, application-code: 104ms)
 GET /checkout 200 in 338ms (next.js: 97ms, proxy.ts: 9ms, application-code: 233ms)
 GET /dashboard/orders 200 in 181ms (next.js: 12ms, proxy.ts: 8ms, application-code: 161ms)
 GET /checkout 200 in 295ms (next.js: 69ms, proxy.ts: 11ms, application-code: 216ms)
 GET /dashboard/orders 200 in 229ms (next.js: 17ms, proxy.ts: 58ms, application-code: 154ms)
 GET /dashboard/orders 200 in 169ms (next.js: 52ms, proxy.ts: 11ms, application-code: 106ms)
 GET /checkout 200 in 276ms (next.js: 31ms, proxy.ts: 48ms, application-code: 197ms)
 GET /dashboard/orders 200 in 169ms (next.js: 10ms, proxy.ts: 10ms, application-code: 149ms)
 GET /checkout 200 in 275ms (next.js: 62ms, proxy.ts: 10ms, application-code: 204ms)
 GET /dashboard/orders 200 in 214ms (next.js: 14ms, proxy.ts: 48ms, application-code: 152ms)
 GET /dashboard/orders 200 in 180ms (next.js: 51ms, proxy.ts: 8ms, application-code: 121ms)
 GET /checkout 200 in 284ms (next.js: 35ms, proxy.ts: 44ms, application-code: 205ms)
 GET /dashboard/orders 200 in 179ms (next.js: 11ms, proxy.ts: 12ms, application-code: 157ms)
 GET /checkout 200 in 292ms (next.js: 68ms, proxy.ts: 12ms, application-code: 212ms)
 GET /dashboard/orders 200 in 224ms (next.js: 16ms, proxy.ts: 49ms, application-code: 160ms)
 GET /dashboard/orders 200 in 188ms (next.js: 52ms, proxy.ts: 9ms, application-code: 127ms)
 GET /checkout 200 in 314ms (next.js: 63ms, proxy.ts: 13ms, application-code: 238ms)
 GET /dashboard/orders 200 in 203ms (next.js: 10ms, proxy.ts: 8ms, application-code: 185ms)
 GET /checkout 200 in 328ms (next.js: 71ms, proxy.ts: 12ms, application-code: 245ms)
 GET /dashboard/orders 200 in 250ms (next.js: 20ms, proxy.ts: 65ms, application-code: 165ms)
 GET /dashboard/orders 200 in 175ms (next.js: 65ms, proxy.ts: 9ms, application-code: 100ms)
 GET /checkout 200 in 290ms (next.js: 71ms, proxy.ts: 11ms, application-code: 208ms)
 GET /dashboard/orders 200 in 166ms (next.js: 11ms, proxy.ts: 8ms, application-code: 148ms)
 GET /checkout 200 in 276ms (next.js: 54ms, proxy.ts: 14ms, application-code: 208ms)
 GET /dashboard/orders 200 in 181ms (next.js: 15ms, proxy.ts: 13ms, application-code: 153ms)
 GET /dashboard/orders 200 in 215ms (next.js: 58ms, proxy.ts: 10ms, application-code: 147ms)
 GET /checkout 200 in 283ms (next.js: 72ms, proxy.ts: 8ms, application-code: 204ms)
 GET /dashboard/orders 200 in 169ms (next.js: 17ms, proxy.ts: 8ms, application-code: 144ms)
 GET /checkout 200 in 280ms (next.js: 57ms, proxy.ts: 46ms, application-code: 177ms)
 GET /dashboard/orders 200 in 178ms (next.js: 12ms, proxy.ts: 10ms, application-code: 157ms)
 GET /dashboard/orders 200 in 242ms (next.js: 29ms, proxy.ts: 47ms, application-code: 165ms)
 GET /checkout 200 in 301ms (next.js: 59ms, proxy.ts: 8ms, application-code: 234ms)
 GET /dashboard/orders 200 in 180ms (next.js: 58ms, proxy.ts: 12ms, application-code: 110ms)
 GET /checkout 200 in 294ms (next.js: 34ms, proxy.ts: 49ms, application-code: 211ms)
 GET /dashboard/orders 200 in 180ms (next.js: 13ms, proxy.ts: 10ms, application-code: 157ms)
 GET /checkout 200 in 280ms (next.js: 60ms, proxy.ts: 11ms, application-code: 209ms)
 GET /dashboard/orders 200 in 218ms (next.js: 16ms, proxy.ts: 53ms, application-code: 150ms)
 GET /dashboard/orders 200 in 167ms (next.js: 54ms, proxy.ts: 8ms, application-code: 105ms)
 GET /checkout 200 in 326ms (next.js: 34ms, proxy.ts: 54ms, application-code: 238ms)
 GET /dashboard/orders 200 in 227ms (next.js: 13ms, proxy.ts: 12ms, application-code: 203ms)
 GET /checkout 200 in 296ms (next.js: 73ms, proxy.ts: 15ms, application-code: 208ms)
 GET /dashboard/orders 200 in 202ms (next.js: 35ms, proxy.ts: 21ms, application-code: 145ms)
 GET /checkout 200 in 276ms (next.js: 77ms, proxy.ts: 13ms, application-code: 185ms)
 GET /dashboard/orders 200 in 205ms (next.js: 14ms, proxy.ts: 51ms, application-code: 141ms)
 GET /dashboard/orders 200 in 202ms (next.js: 52ms, proxy.ts: 7ms, application-code: 143ms)
 GET /checkout 200 in 267ms (next.js: 24ms, proxy.ts: 44ms, application-code: 199ms)
 GET /dashboard/orders 200 in 164ms (next.js: 16ms, proxy.ts: 9ms, application-code: 140ms)
 GET /checkout 200 in 238ms (next.js: 54ms, proxy.ts: 22ms, application-code: 161ms)
 GET /dashboard/orders 200 in 173ms (next.js: 13ms, proxy.ts: 12ms, application-code: 149ms)
 GET /checkout 200 in 284ms (next.js: 65ms, proxy.ts: 9ms, application-code: 209ms)
 GET /dashboard/orders 200 in 221ms (next.js: 18ms, proxy.ts: 47ms, application-code: 156ms)
 GET /dashboard/orders 200 in 136ms (next.js: 53ms, proxy.ts: 9ms, application-code: 74ms)
 GET /checkout 200 in 230ms (next.js: 29ms, proxy.ts: 50ms, application-code: 150ms)
 GET /dashboard/orders 200 in 148ms (next.js: 48ms, proxy.ts: 14ms, application-code: 86ms)
 GET /checkout 200 in 155ms (next.js: 94ms, proxy.ts: 13ms, application-code: 47ms)
 GET /dashboard/orders 200 in 117ms (next.js: 10ms, proxy.ts: 11ms, application-code: 97ms)
 GET /checkout 200 in 232ms (next.js: 53ms, proxy.ts: 10ms, application-code: 169ms)
 GET /dashboard/orders 200 in 215ms (next.js: 14ms, proxy.ts: 12ms, application-code: 189ms)
 GET /dashboard/orders 200 in 258ms (next.js: 29ms, proxy.ts: 55ms, application-code: 174ms)
 GET /checkout 200 in 324ms (next.js: 71ms, proxy.ts: 10ms, application-code: 243ms)
 GET /dashboard/orders 200 in 219ms (next.js: 53ms, proxy.ts: 7ms, application-code: 159ms)
 GET /checkout 200 in 324ms (next.js: 21ms, proxy.ts: 83ms, application-code: 220ms)
 GET /dashboard/orders 200 in 186ms (next.js: 11ms, proxy.ts: 8ms, application-code: 167ms)
 GET /checkout 200 in 289ms (next.js: 57ms, proxy.ts: 12ms, application-code: 220ms)
 GET /dashboard/orders 200 in 187ms (next.js: 14ms, proxy.ts: 15ms, application-code: 159ms)
 GET /dashboard/orders 200 in 215ms (next.js: 57ms, proxy.ts: 7ms, application-code: 151ms)
 GET /checkout 200 in 292ms (next.js: 71ms, proxy.ts: 13ms, application-code: 208ms)
 GET /dashboard/orders 200 in 172ms (next.js: 11ms, proxy.ts: 8ms, application-code: 152ms)
 GET /checkout 200 in 278ms (next.js: 57ms, proxy.ts: 51ms, application-code: 169ms)
 GET /dashboard/orders 200 in 181ms (next.js: 13ms, proxy.ts: 12ms, application-code: 156ms)
 GET /dashboard/orders 200 in 223ms (next.js: 16ms, proxy.ts: 50ms, application-code: 157ms)
 GET /checkout 200 in 289ms (next.js: 67ms, proxy.ts: 9ms, application-code: 214ms)
 GET /dashboard/orders 200 in 177ms (next.js: 52ms, proxy.ts: 7ms, application-code: 118ms)
 GET /checkout 200 in 296ms (next.js: 32ms, proxy.ts: 47ms, application-code: 217ms)
 GET /dashboard/orders 200 in 180ms (next.js: 10ms, proxy.ts: 10ms, application-code: 160ms)
 GET /checkout 200 in 317ms (next.js: 61ms, proxy.ts: 14ms, application-code: 242ms)
 GET /dashboard/orders 200 in 252ms (next.js: 21ms, proxy.ts: 57ms, application-code: 173ms)
 GET /dashboard/orders 200 in 208ms (next.js: 65ms, proxy.ts: 19ms, application-code: 124ms)
 GET /checkout 200 in 318ms (next.js: 39ms, proxy.ts: 48ms, application-code: 231ms)
 GET /dashboard/orders 200 in 201ms (next.js: 21ms, proxy.ts: 7ms, application-code: 172ms)
 GET /checkout 200 in 284ms (next.js: 71ms, proxy.ts: 17ms, application-code: 195ms)
 GET /dashboard/orders 200 in 159ms (next.js: 13ms, proxy.ts: 13ms, application-code: 133ms)
 GET /checkout 200 in 254ms (next.js: 92ms, proxy.ts: 10ms, application-code: 153ms)
 GET /dashboard/orders 200 in 172ms (next.js: 11ms, proxy.ts: 10ms, application-code: 151ms)
 GET /checkout 200 in 293ms (next.js: 56ms, proxy.ts: 8ms, application-code: 229ms)
 GET /dashboard/orders 200 in 243ms (next.js: 30ms, proxy.ts: 46ms, application-code: 168ms)
 GET /dashboard/orders 200 in 187ms (next.js: 49ms, proxy.ts: 6ms, application-code: 132ms)
 GET /checkout 200 in 295ms (next.js: 55ms, proxy.ts: 21ms, application-code: 219ms)
 GET /dashboard/orders 200 in 162ms (next.js: 13ms, proxy.ts: 8ms, application-code: 141ms)
 GET /checkout 200 in 229ms (next.js: 57ms, proxy.ts: 16ms, application-code: 156ms)
 GET /dashboard/orders 200 in 167ms (next.js: 13ms, proxy.ts: 10ms, application-code: 143ms)
 GET /dashboard/orders 200 in 160ms (next.js: 51ms, proxy.ts: 8ms, application-code: 101ms)
 GET /checkout 200 in 265ms (next.js: 64ms, proxy.ts: 8ms, application-code: 193ms)
 GET /dashboard/orders 200 in 161ms (next.js: 10ms, proxy.ts: 10ms, application-code: 141ms)
 GET /checkout 200 in 271ms (next.js: 64ms, proxy.ts: 13ms, application-code: 194ms)
 GET /dashboard/orders 200 in 200ms (next.js: 13ms, proxy.ts: 40ms, application-code: 146ms)
 GET /dashboard/orders 200 in 197ms (next.js: 64ms, proxy.ts: 8ms, application-code: 125ms)
 GET /checkout 200 in 269ms (next.js: 66ms, proxy.ts: 6ms, application-code: 197ms)
 GET /dashboard/orders 200 in 161ms (next.js: 15ms, proxy.ts: 7ms, application-code: 138ms)
 GET /checkout 200 in 251ms (next.js: 48ms, proxy.ts: 42ms, application-code: 161ms)
 GET /dashboard/orders 200 in 168ms (next.js: 11ms, proxy.ts: 9ms, application-code: 148ms)
 GET /dashboard/orders 200 in 230ms (next.js: 20ms, proxy.ts: 45ms, application-code: 165ms)
 GET /checkout 200 in 291ms (next.js: 59ms, proxy.ts: 8ms, application-code: 223ms)
 GET /dashboard/orders 200 in 176ms (next.js: 50ms, proxy.ts: 7ms, application-code: 120ms)
 GET /checkout 200 in 289ms (next.js: 57ms, proxy.ts: 16ms, application-code: 216ms)
 GET /dashboard/orders 200 in 157ms (next.js: 10ms, proxy.ts: 8ms, application-code: 138ms)
 GET /checkout 200 in 259ms (next.js: 62ms, proxy.ts: 11ms, application-code: 186ms)
 GET /dashboard/orders 200 in 199ms (next.js: 13ms, proxy.ts: 47ms, application-code: 138ms)
 GET /dashboard/orders 200 in 165ms (next.js: 54ms, proxy.ts: 6ms, application-code: 105ms)
 GET /checkout 200 in 269ms (next.js: 55ms, proxy.ts: 12ms, application-code: 202ms)
 GET /dashboard/orders 200 in 165ms (next.js: 14ms, proxy.ts: 12ms, application-code: 140ms)
 GET /checkout 200 in 271ms (next.js: 62ms, proxy.ts: 15ms, application-code: 194ms)
 GET /dashboard/orders 200 in 203ms (next.js: 13ms, proxy.ts: 50ms, application-code: 140ms)
 GET /dashboard/orders 200 in 179ms (next.js: 48ms, proxy.ts: 7ms, application-code: 124ms)
 GET /checkout 200 in 287ms (next.js: 24ms, proxy.ts: 45ms, application-code: 219ms)
 GET /dashboard/orders 200 in 178ms (next.js: 14ms, proxy.ts: 10ms, application-code: 155ms)
 GET /checkout 200 in 276ms (next.js: 81ms, proxy.ts: 13ms, application-code: 183ms)
 GET /dashboard/orders 200 in 207ms (next.js: 13ms, proxy.ts: 57ms, application-code: 136ms)
 GET /dashboard/orders 200 in 176ms (next.js: 46ms, proxy.ts: 6ms, application-code: 125ms)
 GET /checkout 200 in 318ms (next.js: 60ms, proxy.ts: 12ms, application-code: 246ms)
 GET /dashboard/orders 200 in 215ms (next.js: 11ms, proxy.ts: 8ms, application-code: 196ms)
 GET /checkout 200 in 273ms (next.js: 115ms, proxy.ts: 8ms, application-code: 150ms)
 GET /dashboard/orders 200 in 243ms (next.js: 14ms, proxy.ts: 88ms, application-code: 141ms)
 GET /dashboard/orders 200 in 151ms (next.js: 10ms, proxy.ts: 8ms, application-code: 133ms)
 GET /checkout 200 in 221ms (next.js: 61ms, proxy.ts: 13ms, application-code: 147ms)
 GET /dashboard/orders 200 in 155ms (next.js: 11ms, proxy.ts: 10ms, application-code: 134ms)
 GET /dashboard/orders 200 in 149ms (next.js: 52ms, proxy.ts: 8ms, application-code: 90ms)
 GET /checkout 200 in 254ms (next.js: 58ms, proxy.ts: 7ms, application-code: 190ms)
 GET /dashboard/orders 200 in 162ms (next.js: 11ms, proxy.ts: 7ms, application-code: 144ms)
 GET /checkout 200 in 254ms (next.js: 57ms, proxy.ts: 10ms, application-code: 188ms)
 GET /dashboard/orders 200 in 206ms (next.js: 15ms, proxy.ts: 54ms, application-code: 137ms)
 GET /dashboard/orders 200 in 159ms (next.js: 48ms, proxy.ts: 6ms, application-code: 104ms)
 GET /checkout 200 in 271ms (next.js: 60ms, proxy.ts: 13ms, application-code: 198ms)
 GET /dashboard/orders 200 in 171ms (next.js: 13ms, proxy.ts: 7ms, application-code: 150ms)
 GET /checkout 200 in 288ms (next.js: 61ms, proxy.ts: 10ms, application-code: 217ms)
 GET /dashboard/orders 200 in 225ms (next.js: 17ms, proxy.ts: 51ms, application-code: 158ms)
 GET /dashboard/orders 200 in 176ms (next.js: 58ms, proxy.ts: 7ms, application-code: 111ms)
 GET /checkout 200 in 279ms (next.js: 38ms, proxy.ts: 43ms, application-code: 198ms)
 GET /dashboard/orders 200 in 155ms (next.js: 11ms, proxy.ts: 9ms, application-code: 134ms)
 GET /checkout 200 in 169ms (next.js: 59ms, proxy.ts: 10ms, application-code: 99ms)
 GET /dashboard/orders 200 in 112ms (next.js: 11ms, proxy.ts: 10ms, application-code: 91ms)
 GET /checkout 200 in 115ms (next.js: 51ms, proxy.ts: 7ms, application-code: 57ms)
 GET /checkout 200 in 108ms (next.js: 11ms, proxy.ts: 5ms, application-code: 92ms)
 GET /checkout 200 in 67ms (next.js: 10ms, proxy.ts: 5ms, application-code: 52ms)
 GET /checkout 200 in 66ms (next.js: 11ms, proxy.ts: 5ms, application-code: 50ms)
 GET /checkout 200 in 99ms (next.js: 11ms, proxy.ts: 4ms, application-code: 84ms)
 GET /checkout 200 in 61ms (next.js: 10ms, proxy.ts: 5ms, application-code: 45ms)
 GET /checkout 200 in 69ms (next.js: 11ms, proxy.ts: 5ms, application-code: 53ms)
 GET /checkout 200 in 62ms (next.js: 11ms, proxy.ts: 5ms, application-code: 46ms)
 GET /checkout 200 in 67ms (next.js: 11ms, proxy.ts: 5ms, application-code: 51ms)
 GET /checkout 200 in 67ms (next.js: 11ms, proxy.ts: 5ms, application-code: 50ms)
 GET /checkout 200 in 69ms (next.js: 11ms, proxy.ts: 5ms, application-code: 53ms)
 GET /checkout 200 in 69ms (next.js: 11ms, proxy.ts: 5ms, application-code: 52ms)
 GET /checkout 200 in 119ms (next.js: 11ms, proxy.ts: 5ms, application-code: 103ms)
 GET /checkout 200 in 113ms (next.js: 19ms, proxy.ts: 5ms, application-code: 88ms)
 GET /checkout 200 in 62ms (next.js: 10ms, proxy.ts: 5ms, application-code: 47ms)
 GET /checkout 200 in 73ms (next.js: 11ms, proxy.ts: 5ms, application-code: 57ms)
 GET /checkout 200 in 62ms (next.js: 11ms, proxy.ts: 5ms, application-code: 46ms)
 GET /checkout 200 in 116ms (next.js: 12ms, proxy.ts: 5ms, application-code: 99ms)
 GET /checkout 200 in 76ms (next.js: 19ms, proxy.ts: 6ms, application-code: 52ms)
 GET /checkout 200 in 106ms (next.js: 10ms, proxy.ts: 5ms, application-code: 91ms)
 GET /checkout 200 in 65ms (next.js: 12ms, proxy.ts: 5ms, application-code: 48ms)
 GET /checkout 200 in 64ms (next.js: 11ms, proxy.ts: 5ms, application-code: 48ms)
 GET /checkout 200 in 61ms (next.js: 11ms, proxy.ts: 5ms, application-code: 46ms)
 GET /checkout 200 in 69ms (next.js: 11ms, proxy.ts: 5ms, application-code: 53ms)
 GET /checkout 200 in 69ms (next.js: 13ms, proxy.ts: 5ms, application-code: 52ms)
 GET /checkout 200 in 65ms (next.js: 16ms, proxy.ts: 5ms, application-code: 44ms)
 GET /checkout 200 in 61ms (next.js: 11ms, proxy.ts: 4ms, application-code: 46ms)
 GET /checkout 200 in 110ms (next.js: 10ms, proxy.ts: 5ms, application-code: 95ms)
 GET /checkout 200 in 109ms (next.js: 10ms, proxy.ts: 6ms, application-code: 93ms)
 GET /checkout 200 in 66ms (next.js: 11ms, proxy.ts: 6ms, application-code: 50ms)
 GET /checkout 200 in 118ms (next.js: 12ms, proxy.ts: 5ms, application-code: 101ms)
 GET /checkout 200 in 74ms (next.js: 18ms, proxy.ts: 5ms, application-code: 51ms)
 GET /checkout 200 in 110ms (next.js: 14ms, proxy.ts: 6ms, application-code: 90ms)
 GET /checkout 200 in 75ms (next.js: 11ms, proxy.ts: 5ms, application-code: 59ms)
 GET /checkout 200 in 74ms (next.js: 12ms, proxy.ts: 6ms, application-code: 55ms)
 GET /checkout 200 in 118ms (next.js: 12ms, proxy.ts: 5ms, application-code: 100ms)
 GET /checkout 200 in 77ms (next.js: 12ms, proxy.ts: 6ms, application-code: 59ms)
 GET /checkout 200 in 70ms (next.js: 12ms, proxy.ts: 5ms, application-code: 53ms)
 GET /checkout 200 in 117ms (next.js: 12ms, proxy.ts: 6ms, application-code: 99ms)
 GET /checkout 200 in 72ms (next.js: 12ms, proxy.ts: 6ms, application-code: 55ms)
 GET /checkout 200 in 103ms (next.js: 11ms, proxy.ts: 5ms, application-code: 87ms)
 GET /checkout 200 in 66ms (next.js: 10ms, proxy.ts: 5ms, application-code: 50ms)
 GET /checkout 200 in 78ms (next.js: 23ms, proxy.ts: 6ms, application-code: 50ms)
 GET /checkout 200 in 106ms (next.js: 11ms, proxy.ts: 5ms, application-code: 90ms)
 GET /checkout 200 in 101ms (next.js: 10ms, proxy.ts: 5ms, application-code: 85ms)
 GET /checkout 200 in 116ms (next.js: 10ms, proxy.ts: 5ms, application-code: 100ms)
 GET /checkout 200 in 73ms (next.js: 11ms, proxy.ts: 5ms, application-code: 57ms)
 GET /checkout 200 in 70ms (next.js: 19ms, proxy.ts: 4ms, application-code: 46ms)
 GET /checkout 200 in 67ms (next.js: 11ms, proxy.ts: 5ms, application-code: 51ms)
 GET /checkout 200 in 105ms (next.js: 11ms, proxy.ts: 5ms, application-code: 89ms)
 GET /checkout 200 in 107ms (next.js: 10ms, proxy.ts: 5ms, application-code: 93ms)
 GET /checkout 200 in 66ms (next.js: 10ms, proxy.ts: 6ms, application-code: 50ms)
 GET /checkout 200 in 61ms (next.js: 11ms, proxy.ts: 5ms, application-code: 46ms)
 GET /checkout 200 in 71ms (next.js: 12ms, proxy.ts: 4ms, application-code: 55ms)
 GET /checkout 200 in 67ms (next.js: 11ms, proxy.ts: 5ms, application-code: 51ms)
 GET /checkout 200 in 102ms (next.js: 11ms, proxy.ts: 5ms, application-code: 86ms)
 GET /checkout 200 in 62ms (next.js: 11ms, proxy.ts: 5ms, application-code: 45ms)
 GET /checkout 200 in 106ms (next.js: 10ms, proxy.ts: 5ms, application-code: 90ms)
 GET /checkout 200 in 100ms (next.js: 11ms, proxy.ts: 5ms, application-code: 84ms)
 GET /checkout 200 in 126ms (next.js: 11ms, proxy.ts: 6ms, application-code: 110ms)
 GET /checkout 200 in 81ms (next.js: 13ms, proxy.ts: 8ms, application-code: 61ms)
 GET /checkout 200 in 63ms (next.js: 11ms, proxy.ts: 5ms, application-code: 47ms)
 GET /checkout 200 in 61ms (next.js: 12ms, proxy.ts: 5ms, application-code: 44ms)
 GET /checkout 200 in 120ms (next.js: 11ms, proxy.ts: 5ms, application-code: 105ms)
 GET /checkout 200 in 80ms (next.js: 18ms, proxy.ts: 5ms, application-code: 57ms)
 GET /checkout 200 in 65ms (next.js: 12ms, proxy.ts: 5ms, application-code: 47ms)
 GET /checkout 200 in 83ms (next.js: 15ms, proxy.ts: 5ms, application-code: 63ms)
 GET /checkout 200 in 114ms (next.js: 12ms, proxy.ts: 9ms, application-code: 93ms)
 GET /checkout 200 in 65ms (next.js: 10ms, proxy.ts: 5ms, application-code: 50ms)
 GET /checkout 200 in 66ms (next.js: 12ms, proxy.ts: 5ms, application-code: 50ms)
 GET /checkout 200 in 106ms (next.js: 11ms, proxy.ts: 5ms, application-code: 90ms)
 GET /checkout 200 in 111ms (next.js: 10ms, proxy.ts: 7ms, application-code: 94ms)
 GET /checkout 200 in 124ms (next.js: 10ms, proxy.ts: 5ms, application-code: 108ms)
 GET /checkout 200 in 82ms (next.js: 11ms, proxy.ts: 5ms, application-code: 67ms)
 GET /checkout 200 in 67ms (next.js: 12ms, proxy.ts: 5ms, application-code: 50ms)
 GET /checkout 200 in 107ms (next.js: 12ms, proxy.ts: 5ms, application-code: 90ms)
 GET /checkout 200 in 62ms (next.js: 10ms, proxy.ts: 6ms, application-code: 46ms)
 GET /checkout 200 in 114ms (next.js: 12ms, proxy.ts: 4ms, application-code: 98ms)
 GET /checkout 200 in 70ms (next.js: 10ms, proxy.ts: 5ms, application-code: 55ms)
 GET /checkout 200 in 114ms (next.js: 11ms, proxy.ts: 6ms, application-code: 97ms)
 GET /checkout 200 in 78ms (next.js: 12ms, proxy.ts: 4ms, application-code: 62ms)
 GET /checkout 200 in 120ms (next.js: 18ms, proxy.ts: 5ms, application-code: 96ms)
 GET /checkout 200 in 102ms (next.js: 10ms, proxy.ts: 5ms, application-code: 87ms)
 GET /checkout 200 in 114ms (next.js: 11ms, proxy.ts: 5ms, application-code: 98ms)
 GET /checkout 200 in 112ms (next.js: 11ms, proxy.ts: 5ms, application-code: 96ms)
 GET /checkout 200 in 63ms (next.js: 10ms, proxy.ts: 5ms, application-code: 48ms)
 GET /checkout 200 in 111ms (next.js: 11ms, proxy.ts: 6ms, application-code: 95ms)
 GET /checkout 200 in 110ms (next.js: 10ms, proxy.ts: 5ms, application-code: 95ms)
 GET /checkout 200 in 58ms (next.js: 11ms, proxy.ts: 6ms, application-code: 41ms)
 GET /dashboard/orders 200 in 73ms (next.js: 17ms, proxy.ts: 7ms, application-code: 49ms)
 GET /checkout 200 in 136ms (next.js: 87ms, proxy.ts: 6ms, application-code: 43ms)
 GET /dashboard/orders 200 in 116ms (next.js: 18ms, proxy.ts: 8ms, application-code: 89ms)
 GET /checkout 200 in 114ms (next.js: 62ms, proxy.ts: 7ms, application-code: 45ms)
 GET /dashboard/orders 200 in 164ms (next.js: 20ms, proxy.ts: 7ms, application-code: 137ms)
 GET /checkout 200 in 168ms (next.js: 94ms, proxy.ts: 7ms, application-code: 66ms)
 GET /dashboard/orders 200 in 184ms (next.js: 136ms, proxy.ts: 7ms, application-code: 41ms)
 GET /checkout 200 in 195ms (next.js: 62ms, proxy.ts: 10ms, application-code: 123ms)
 GET /dashboard/orders 200 in 158ms (next.js: 22ms, proxy.ts: 7ms, application-code: 130ms)
 GET /checkout 200 in 160ms (next.js: 101ms, proxy.ts: 6ms, application-code: 53ms)
✓ Compiled in 243ms
✓ Compiled in 265ms
✓ Compiled in 388ms
 GET /dashboard/orders 200 in 145ms (next.js: 14ms, proxy.ts: 10ms, application-code: 122ms)
 GET /checkout 200 in 154ms (next.js: 88ms, proxy.ts: 11ms, application-code: 55ms)
 GET /dashboard/orders 200 in 172ms (next.js: 20ms, proxy.ts: 8ms, application-code: 144ms)
 GET /checkout 200 in 171ms (next.js: 115ms, proxy.ts: 6ms, application-code: 50ms)
 GET /dashboard/orders 200 in 123ms (next.js: 21ms, proxy.ts: 8ms, application-code: 94ms)
 GET /checkout 200 in 132ms (next.js: 74ms, proxy.ts: 8ms, application-code: 51ms)
 GET /checkout 200 in 126ms (next.js: 27ms, proxy.ts: 4ms, application-code: 94ms)
 GET /dashboard/orders 200 in 51ms (next.js: 9ms, proxy.ts: 6ms, application-code: 37ms)
 GET /dashboard/orders 200 in 4.1s (next.js: 40ms, proxy.ts: 7ms, application-code: 4.1s)
 GET /dashboard/orders/d0a36244-1fc1-46a6-8d1a-9ac1c736f2b4 200 in 2.3s (next.js: 2.2s, proxy.ts: 6ms, application-code: 36ms)
 GET /profile 200 in 3.1s (next.js: 1513ms, proxy.ts: 3ms, application-code: 1539ms)
 GET /profile 200 in 1190ms (next.js: 18ms, proxy.ts: 4ms, application-code: 1167ms)
 GET /dashboard/orders/d0a36244-1fc1-46a6-8d1a-9ac1c736f2b4 200 in 1231ms (next.js: 21ms, proxy.ts: 9ms, application-code: 1201ms)
